2025-07-26 13:19:59.823 DEBUG (MainThread) [custom_components.bms_ble] confirm step for Pro BMS
2025-07-26 13:20:00.930 DEBUG (MainThread) [custom_components.bms_ble] confirm step for Pro BMS
2025-07-26 13:20:00.932 DEBUG (MainThread) [custom_components.bms_ble] Setup of <ConfigEntry entry_id=01K13VZBD3ENBRWSF30CH4E1AS version=1 domain=bms_ble title=Pro BMS state=ConfigEntryState.SETUP_IN_PROGRESS unique_id=E0:4E:7A:AF:5E:06>
2025-07-26 13:20:00.932 DEBUG (MainThread) [custom_components.bms_ble.plugins.pro_bms] Pro BMS init - device name: Pro BMS, address: E0:4E:7A:AF:5E:06
2025-07-26 13:20:00.933 DEBUG (MainThread) [custom_components.bms_ble.pro_bms::Pro BMS:5E06)] initializing Pro BMS Smart Shunt, BT address: E0:4E:7A:AF:5E:06
2025-07-26 13:20:00.933 DEBUG (MainThread) [custom_components.bms_ble] Initializing coordinator for Pro BMS (E0:4E:7A:AF:5E:06) as Pro BMS Smart Shunt
2025-07-26 13:20:00.933 DEBUG (MainThread) [custom_components.bms_ble] Pro BMS: advertisement: {'name': 'Pro BMS', 'address': 'E0:4E:7A:AF:5E:06', 'rssi': -77, 'manufacturer_data': {
	76: b'\x02\x15\x95\x85\x1d\xb5\x04\xb8\xea0\x11a\x13\xcc\xfb\xff\xc8\x17"\x05\x17.\x80', 
	24815: b'%Q\x158\x17P\xea\xa7\xf4\x95\x81ht\xa8', 
	46862: b'<\xe6\x89$\xc2\x1a\xda<>\x85\x86n\x9ft', 
	7042: b'\xa1\x19\xd8o\xceXKs\x1e\xb4\xd2^\xd3\xd7', 
	35703: b'\xda\x9a\x14]E\x11a\x1b\xfe\xb8G\x15\xa5\xc6', 
	35786: b'9x\xc5\x97\x97\xa2\xd1\xd6|F\x95k\x8bo'}, 'service_data': {}, 'service_uuids': ['0000fff0-0000-1000-8000-00805f9b34fb'], 'source': 'D8:3B:DA:9B:7D:62', 'advertisement': AdvertisementData(local_name='Pro BMS', manufacturer_data={
	76: b'\x02\x15\x95\x85\x1d\xb5\x04\xb8\xea0\x11a\x13\xcc\xfb\xff\xc8\x17"\x05\x17.\x80', 
	24815: b'%Q\x158\x17P\xea\xa7\xf4\x95\x81ht\xa8', 
	46862: b'<\xe6\x89$\xc2\x1a\xda<>\x85\x86n\x9ft', 
	7042: b'\xa1\x19\xd8o\xceXKs\x1e\xb4\xd2^\xd3\xd7', 
	35703: b'\xda\x9a\x14]E\x11a\x1b\xfe\xb8G\x15\xa5\xc6', 
	35786: b'9x\xc5\x97\x97\xa2\xd1\xd6|F\x95k\x8bo'}, service_uuids=['0000fff0-0000-1000-8000-00805f9b34fb'], tx_power=-127, rssi=-77), 'device': BLEDevice(E0:4E:7A:AF:5E:06, Pro BMS), 'connectable': True, 'time': 52379.508808895, 'tx_power': None, 'raw': b'\x02\x01\x06\x1a\xffL\x00\x02\x15\x95\x85\x1d\xb5\x04\xb8\xea0\x11a\x13\xcc\xfb\xff\xc8\x17"\x05\x17.\x80'}
2025-07-26 13:20:00.934 DEBUG (MainThread) [custom_components.bms_ble] Pro BMS: BMS data update
2025-07-26 13:20:00.934 DEBUG (MainThread) [custom_components.bms_ble.pro_bms::Pro BMS:5E06)] connecting BMS
2025-07-26 13:20:00.934 DEBUG (MainThread) [bleak_retry_connector] E0:4E:7A:AF:5E:06 - E0:4E:7A:AF:5E:06: Connection attempt: 1
2025-07-26 13:20:01.614 DEBUG (MainThread) [bleak_retry_connector] E0:4E:7A:AF:5E:06 - E0:4E:7A:AF:5E:06: Connected after 1 attempts
2025-07-26 13:20:01.632 DEBUG (MainThread) [custom_components.bms_ble.pro_bms::Pro BMS:5E06)] Starting Pro BMS update
2025-07-26 13:20:01.632 DEBUG (MainThread) [custom_components.bms_ble.pro_bms::Pro BMS:5E06)] Checking if device is already streaming data...
2025-07-26 13:20:02.145 DEBUG (MainThread) [custom_components.bms_ble.pro_bms::Pro BMS:5E06)] Device not streaming, sending Extended info command for initialization
2025-07-26 13:20:02.147 DEBUG (MainThread) [custom_components.bms_ble.pro_bms::Pro BMS:5E06)] Extended info command sent successfully
2025-07-26 13:20:02.232 DEBUG (MainThread) [custom_components.bms_ble.pro_bms::Pro BMS:5E06)] RX BLE data (95 bytes): 55aa5a0380aa01420080000000ffffffffffffffffffffffffffffffffffffffffffffffffffffffffffffffffffffffffffffffff0a0500005d00000005000000a00500000200000005000000f0000000020000000100000007000000eb00
2025-07-26 13:20:02.232 DEBUG (MainThread) [custom_components.bms_ble.pro_bms::Pro BMS:5E06)] Processing packet type 0x03, length 95
2025-07-26 13:20:02.232 DEBUG (MainThread) [custom_components.bms_ble.pro_bms::Pro BMS:5E06)] Skipping checksum validation for Pro BMS compatibility
2025-07-26 13:20:02.232 DEBUG (MainThread) [custom_components.bms_ble.pro_bms::Pro BMS:5E06)] Received init response
2025-07-26 13:20:02.233 DEBUG (MainThread) [custom_components.bms_ble.pro_bms::Pro BMS:5E06)] Sending ACK command
2025-07-26 13:20:02.249 DEBUG (MainThread) [custom_components.bms_ble.pro_bms::Pro BMS:5E06)] Waiting for data packets (received 1 init responses so far)
2025-07-26 13:20:02.335 DEBUG (MainThread) [custom_components.bms_ble.pro_bms::Pro BMS:5E06)] Sending Data Stream request
2025-07-26 13:20:02.491 DEBUG (MainThread) [custom_components.bms_ble.pro_bms::Pro BMS:5E06)] RX BLE data (14 bytes): 55aa0a0380aa01430055aa120086
2025-07-26 13:20:02.492 DEBUG (MainThread) [custom_components.bms_ble.pro_bms::Pro BMS:5E06)] Processing packet type 0x03, length 15
2025-07-26 13:20:02.531 DEBUG (MainThread) [custom_components.bms_ble.pro_bms::Pro BMS:5E06)] RX BLE data (154 bytes): 55aa960380aa0143002105640401dd00001105320b01de00001405160a01df00000805c40e01e00000f404281701e00000e804031d01e100001b056f1101e100009b05c20200e100008305bd0200e100007605590200e000007105de0100e000007505360300e000007005080300df00006d05400300df00006a054b0300df000067054d0300df00006205e20200de00006105270300de000090
2025-07-26 13:20:02.531 DEBUG (MainThread) [custom_components.bms_ble.pro_bms::Pro BMS:5E06)] Buffer before: 14 bytes, first 10: 55aa0a0380aa01430055
2025-07-26 13:20:02.531 DEBUG (MainThread) [custom_components.bms_ble.pro_bms::Pro BMS:5E06)] Processing packet type 0x03, length 15
2025-07-26 13:20:02.531 DEBUG (MainThread) [custom_components.bms_ble.pro_bms::Pro BMS:5E06)] Skipping checksum validation for Pro BMS compatibility
2025-07-26 13:20:02.532 DEBUG (MainThread) [custom_components.bms_ble.pro_bms::Pro BMS:5E06)] Received init response
2025-07-26 13:20:02.551 DEBUG (MainThread) [custom_components.bms_ble.pro_bms::Pro BMS:5E06)] RX BLE data (14 bytes): 55aa0a0380aa014300aa55000094
2025-07-26 13:20:02.551 DEBUG (MainThread) [custom_components.bms_ble.pro_bms::Pro BMS:5E06)] Buffer before: 10 bytes, first 10: 006105270300de000090
2025-07-26 13:20:02.551 DEBUG (MainThread) [custom_components.bms_ble.pro_bms::Pro BMS:5E06)] Removing 10 bytes before header
2025-07-26 13:20:02.551 DEBUG (MainThread) [custom_components.bms_ble.pro_bms::Pro BMS:5E06)] Processing packet type 0x03, length 15
2025-07-26 13:20:03.102 DEBUG (MainThread) [custom_components.bms_ble.pro_bms::Pro BMS:5E06)] RX BLE data (50 bytes): 55aa2d0480aa017022050000382e0080de000000a82e00005d0000003e020000bb3c0000e508000010390000410e85683600
2025-07-26 13:20:03.102 DEBUG (MainThread) [custom_components.bms_ble.pro_bms::Pro BMS:5E06)] Buffer before: 14 bytes, first 10: 55aa0a0380aa014300aa
2025-07-26 13:20:03.102 DEBUG (MainThread) [custom_components.bms_ble.pro_bms::Pro BMS:5E06)] Processing packet type 0x03, length 15
2025-07-26 13:20:03.103 DEBUG (MainThread) [custom_components.bms_ble.pro_bms::Pro BMS:5E06)] Skipping checksum validation for Pro BMS compatibility
2025-07-26 13:20:03.103 DEBUG (MainThread) [custom_components.bms_ble.pro_bms::Pro BMS:5E06)] Received init response
2025-07-26 13:20:04.133 DEBUG (MainThread) [custom_components.bms_ble.pro_bms::Pro BMS:5E06)] RX BLE data (50 bytes): 55aa2d0480aa017022050000052e0080de000000a72e00005d0000003e020000783c0000e508000010390000420e8568c400
2025-07-26 13:20:04.133 DEBUG (MainThread) [custom_components.bms_ble.pro_bms::Pro BMS:5E06)] Buffer before: 10 bytes, first 10: 10390000410e85683600
2025-07-26 13:20:04.134 DEBUG (MainThread) [custom_components.bms_ble.pro_bms::Pro BMS:5E06)] Removing 10 bytes before header
2025-07-26 13:20:04.134 DEBUG (MainThread) [custom_components.bms_ble.pro_bms::Pro BMS:5E06)] Processing packet type 0x04, length 50
2025-07-26 13:20:04.134 DEBUG (MainThread) [custom_components.bms_ble.pro_bms::Pro BMS:5E06)] Skipping checksum validation for Pro BMS compatibility
2025-07-26 13:20:04.134 DEBUG (MainThread) [custom_components.bms_ble.pro_bms::Pro BMS:5E06)] Received realtime data packet, length: 50
2025-07-26 13:20:04.134 DEBUG (MainThread) [custom_components.bms_ble.pro_bms::Pro BMS:5E06)] Parsed data - Voltage: 13.14V, Current: -11.781A, SOC: 93%, Temp: 22.2°C, Remaining: 119.43Ah, Power: -154.80W
2025-07-26 13:20:04.138 DEBUG (MainThread) [custom_components.bms_ble.pro_bms::Pro BMS:5E06)] Received data after init command. Stats: {'total': 6, 'init_responses': 3, 'data_packets': 1, 'invalid': 0, 'unknown_types': {}}
2025-07-26 13:20:04.139 DEBUG (MainThread) [custom_components.bms_ble.pro_bms::Pro BMS:5E06)] Returning sample: {'voltage': 13.14, 'current': -11.78, 'battery_level': 93, 'cycles': None, 'temperature': 22.2, 'temp_values': [22.2], 'cycle_charge': 119.43, 'remaining_capacity': 119.43, 'design_capacity': 146, 'power': -154.8, 'runtime': 34440, 'battery_charging': False}
2025-07-26 13:20:04.139 DEBUG (MainThread) [custom_components.bms_ble] Pro BMS: BMS data sample {'voltage': 13.14, 'current': -11.78, 'battery_level': 93, 'cycles': None, 'temperature': 22.2, 'temp_values': [22.2], 'cycle_charge': 119.43, 'remaining_capacity': 119.43, 'design_capacity': 146, 'power': -154.8, 'runtime': 34440, 'battery_charging': False, 'cycle_capacity': 1569.31, 'problem': False}
2025-07-26 13:20:04.139 DEBUG (MainThread) [custom_components.bms_ble] Finished fetching Pro BMS data in 3.206 seconds (success: True)
2025-07-26 13:20:05.064 DEBUG (MainThread) [custom_components.bms_ble.pro_bms::Pro BMS:5E06)] RX BLE data (50 bytes): 55aa2d0480aa017022050000e02d0080de000000a72e00005d0000003e020000473c0000e508000010390000430e85681c00
2025-07-26 13:20:05.064 DEBUG (MainThread) [custom_components.bms_ble.pro_bms::Pro BMS:5E06)] Processing packet type 0x04, length 50
2025-07-26 13:20:05.065 DEBUG (MainThread) [custom_components.bms_ble.pro_bms::Pro BMS:5E06)] Skipping checksum validation for Pro BMS compatibility
2025-07-26 13:20:05.065 DEBUG (MainThread) [custom_components.bms_ble.pro_bms::Pro BMS:5E06)] Received realtime data packet, length: 50
2025-07-26 13:20:05.065 DEBUG (MainThread) [custom_components.bms_ble.pro_bms::Pro BMS:5E06)] Parsed data - Voltage: 13.14V, Current: -11.744A, SOC: 93%, Temp: 22.2°C, Remaining: 119.43Ah, Power: -154.32W
2025-07-26 13:20:06.071 DEBUG (MainThread) [custom_components.bms_ble.pro_bms::Pro BMS:5E06)] RX BLE data (50 bytes): 55aa2d0480aa017022050000e42d0080de000000a62e00005d0000003e0200004c3c0000e508000010390000440e85681500
2025-07-26 13:20:06.071 DEBUG (MainThread) [custom_components.bms_ble.pro_bms::Pro BMS:5E06)] Processing packet type 0x04, length 50
2025-07-26 13:20:06.071 DEBUG (MainThread) [custom_components.bms_ble.pro_bms::Pro BMS:5E06)] Skipping checksum validation for Pro BMS compatibility
2025-07-26 13:20:06.072 DEBUG (MainThread) [custom_components.bms_ble.pro_bms::Pro BMS:5E06)] Received realtime data packet, length: 50
2025-07-26 13:20:06.072 DEBUG (MainThread) [custom_components.bms_ble.pro_bms::Pro BMS:5E06)] Parsed data - Voltage: 13.14V, Current: -11.748A, SOC: 93%, Temp: 22.2°C, Remaining: 119.42Ah, Power: -154.37W
2025-07-26 13:20:07.070 DEBUG (MainThread) [custom_components.bms_ble.pro_bms::Pro BMS:5E06)] RX BLE data (50 bytes): 55aa2d0480aa017022050000022e0080dd000000a62e00005d0000003e020000743c0000e508000010390000450e8568ca00
2025-07-26 13:20:07.071 DEBUG (MainThread) [custom_components.bms_ble.pro_bms::Pro BMS:5E06)] Processing packet type 0x04, length 50
2025-07-26 13:20:07.071 DEBUG (MainThread) [custom_components.bms_ble.pro_bms::Pro BMS:5E06)] Skipping checksum validation for Pro BMS compatibility
2025-07-26 13:20:07.071 DEBUG (MainThread) [custom_components.bms_ble.pro_bms::Pro BMS:5E06)] Received realtime data packet, length: 50
2025-07-26 13:20:07.071 DEBUG (MainThread) [custom_components.bms_ble.pro_bms::Pro BMS:5E06)] Parsed data - Voltage: 13.14V, Current: -11.778A, SOC: 93%, Temp: 22.1°C, Remaining: 119.42Ah, Power: -154.76W
2025-07-26 13:20:08.183 DEBUG (MainThread) [custom_components.bms_ble.pro_bms::Pro BMS:5E06)] RX BLE data (50 bytes): 55aa2d0480aa0170220500000d2e0080dd000000a62e00005d0000003e020000823c0000e508000010390000460e85683000
2025-07-26 13:20:08.183 DEBUG (MainThread) [custom_components.bms_ble.pro_bms::Pro BMS:5E06)] Processing packet type 0x04, length 50
2025-07-26 13:20:08.184 DEBUG (MainThread) [custom_components.bms_ble.pro_bms::Pro BMS:5E06)] Skipping checksum validation for Pro BMS compatibility
2025-07-26 13:20:08.184 DEBUG (MainThread) [custom_components.bms_ble.pro_bms::Pro BMS:5E06)] Received realtime data packet, length: 50
2025-07-26 13:20:08.184 DEBUG (MainThread) [custom_components.bms_ble.pro_bms::Pro BMS:5E06)] Parsed data - Voltage: 13.14V, Current: -11.789A, SOC: 93%, Temp: 22.1°C, Remaining: 119.42Ah, Power: -154.91W
2025-07-26 13:20:09.117 DEBUG (MainThread) [custom_components.bms_ble.pro_bms::Pro BMS:5E06)] RX BLE data (50 bytes): 55aa2d0480aa017022050000392e0080dd000000a62e00005d0000003e020000bc3c0000e508000010390000470e85683b00
2025-07-26 13:20:09.117 DEBUG (MainThread) [custom_components.bms_ble.pro_bms::Pro BMS:5E06)] Processing packet type 0x04, length 50
2025-07-26 13:20:09.118 DEBUG (MainThread) [custom_components.bms_ble.pro_bms::Pro BMS:5E06)] Skipping checksum validation for Pro BMS compatibility
2025-07-26 13:20:09.118 DEBUG (MainThread) [custom_components.bms_ble.pro_bms::Pro BMS:5E06)] Received realtime data packet, length: 50
2025-07-26 13:20:09.118 DEBUG (MainThread) [custom_components.bms_ble.pro_bms::Pro BMS:5E06)] Parsed data - Voltage: 13.14V, Current: -11.833A, SOC: 93%, Temp: 22.1°C, Remaining: 119.42Ah, Power: -155.49W
2025-07-26 13:20:10.088 DEBUG (MainThread) [custom_components.bms_ble.pro_bms::Pro BMS:5E06)] RX BLE data (50 bytes): 55aa2d0480aa017022050000392e0080dd000000a62e00005d0000003e020000bc3c0000e508000010390000480e85683400
2025-07-26 13:20:10.089 DEBUG (MainThread) [custom_components.bms_ble.pro_bms::Pro BMS:5E06)] Processing packet type 0x04, length 50
2025-07-26 13:20:10.089 DEBUG (MainThread) [custom_components.bms_ble.pro_bms::Pro BMS:5E06)] Skipping checksum validation for Pro BMS compatibility
2025-07-26 13:20:10.089 DEBUG (MainThread) [custom_components.bms_ble.pro_bms::Pro BMS:5E06)] Received realtime data packet, length: 50
2025-07-26 13:20:10.089 DEBUG (MainThread) [custom_components.bms_ble.pro_bms::Pro BMS:5E06)] Parsed data - Voltage: 13.14V, Current: -11.833A, SOC: 93%, Temp: 22.1°C, Remaining: 119.42Ah, Power: -155.49W
2025-07-26 13:20:11.121 DEBUG (MainThread) [custom_components.bms_ble.pro_bms::Pro BMS:5E06)] RX BLE data (50 bytes): 55aa2d0480aa0170220500001b2e0080dd000000a52e00005d0000003e020000953c0000e508000010390000490e85683d00
2025-07-26 13:20:11.121 DEBUG (MainThread) [custom_components.bms_ble.pro_bms::Pro BMS:5E06)] Processing packet type 0x04, length 50
2025-07-26 13:20:11.121 DEBUG (MainThread) [custom_components.bms_ble.pro_bms::Pro BMS:5E06)] Skipping checksum validation for Pro BMS compatibility
2025-07-26 13:20:11.122 DEBUG (MainThread) [custom_components.bms_ble.pro_bms::Pro BMS:5E06)] Received realtime data packet, length: 50
2025-07-26 13:20:11.122 DEBUG (MainThread) [custom_components.bms_ble.pro_bms::Pro BMS:5E06)] Parsed data - Voltage: 13.14V, Current: -11.803A, SOC: 93%, Temp: 22.1°C, Remaining: 119.41Ah, Power: -155.09W
2025-07-26 13:20:12.159 DEBUG (MainThread) [custom_components.bms_ble.pro_bms::Pro BMS:5E06)] RX BLE data (50 bytes): 55aa2d0480aa0170220500001f2e0080dd000000a52e00005d0000003e0200009a3c0000e5080000103900004a0e85683500
2025-07-26 13:20:12.159 DEBUG (MainThread) [custom_components.bms_ble.pro_bms::Pro BMS:5E06)] Processing packet type 0x04, length 50
2025-07-26 13:20:12.159 DEBUG (MainThread) [custom_components.bms_ble.pro_bms::Pro BMS:5E06)] Skipping checksum validation for Pro BMS compatibility
2025-07-26 13:20:12.159 DEBUG (MainThread) [custom_components.bms_ble.pro_bms::Pro BMS:5E06)] Received realtime data packet, length: 50
2025-07-26 13:20:12.160 DEBUG (MainThread) [custom_components.bms_ble.pro_bms::Pro BMS:5E06)] Parsed data - Voltage: 13.14V, Current: -11.807A, SOC: 93%, Temp: 22.1°C, Remaining: 119.41Ah, Power: -155.14W
2025-07-26 13:20:13.075 DEBUG (MainThread) [custom_components.bms_ble.pro_bms::Pro BMS:5E06)] RX BLE data (50 bytes): 55aa2d0480aa017022050000512e0080dd000000a42e00005d0000003e020000dc3c0000e5080000103900004b0e85683d00
2025-07-26 13:20:13.076 DEBUG (MainThread) [custom_components.bms_ble.pro_bms::Pro BMS:5E06)] Processing packet type 0x04, length 50
2025-07-26 13:20:13.076 DEBUG (MainThread) [custom_components.bms_ble.pro_bms::Pro BMS:5E06)] Skipping checksum validation for Pro BMS compatibility
2025-07-26 13:20:13.076 DEBUG (MainThread) [custom_components.bms_ble.pro_bms::Pro BMS:5E06)] Received realtime data packet, length: 50
2025-07-26 13:20:13.076 DEBUG (MainThread) [custom_components.bms_ble.pro_bms::Pro BMS:5E06)] Parsed data - Voltage: 13.14V, Current: -11.857A, SOC: 93%, Temp: 22.1°C, Remaining: 119.40Ah, Power: -155.80W
2025-07-26 13:20:14.109 DEBUG (MainThread) [custom_components.bms_ble.pro_bms::Pro BMS:5E06)] RX BLE data (50 bytes): 55aa2d0480aa0170220500005b2e0080dd000000a42e00005d0000003e020000e93c0000e5080000103900004c0e85680500
2025-07-26 13:20:14.110 DEBUG (MainThread) [custom_components.bms_ble.pro_bms::Pro BMS:5E06)] Processing packet type 0x04, length 50
2025-07-26 13:20:14.110 DEBUG (MainThread) [custom_components.bms_ble.pro_bms::Pro BMS:5E06)] Skipping checksum validation for Pro BMS compatibility
2025-07-26 13:20:14.110 DEBUG (MainThread) [custom_components.bms_ble.pro_bms::Pro BMS:5E06)] Received realtime data packet, length: 50
2025-07-26 13:20:14.110 DEBUG (MainThread) [custom_components.bms_ble.pro_bms::Pro BMS:5E06)] Parsed data - Voltage: 13.14V, Current: -11.867A, SOC: 93%, Temp: 22.1°C, Remaining: 119.40Ah, Power: -155.93W
